
> vertexagents-the-sentinel-layer@1.0.0 test
> NODE_OPTIONS='--import tsx --no-warnings' npx hardhat test test/RiskRouter.test.ts && NODE_OPTIONS='--import tsx --no-warnings' npx mocha test/mcp/kraken_mcp.test.ts test/logic/strategy/risk_assessment.test.ts test/utils/checkpoint.test.ts test/onchain/identity.test.ts

◇ injecting env (0) from .env // tip: ◈ secrets for agents [www.dotenvx.com]


  RiskRouter (Viem Edition)
    Authorization Logic
      ✔ Should authorize a valid trade from an authorized agent (93ms)
      ✔ Should reject unauthorized agents
      ✔ Should authorize if agent is in Registry (ERC-8004 Fallback)
      ✔ Should reject expired intents
      ✔ Should trigger circuit breaker on high amount


  5 passing (3s)



  Kraken MCP Server (TDD)
    ✔ should fail initialization if environment variables are missing
    ✔ should list available tools correctly
{"event":"tool_call","tool":"get_ticker","symbol":"BTC/USD","timestamp":"2026-04-06T16:23:19.356Z"}
    ✔ should fetch ticker data correctly via Kraken CLI
{"event":"tool_call","tool":"place_order","params":{"symbol":"BTC/USD","type":"market","side":"buy","amount":0.1},"timestamp":"2026-04-06T16:23:19.362Z"}
{"event":"tool_error","tool":"place_order","error":"Command failed: kraken order ...","timestamp":"2026-04-06T16:23:19.362Z"}
    ✔ should throw CriticalSecurityException on exchange error during place_order
{"event":"tool_call","tool":"get_ticker","symbol":"BTC/USD","timestamp":"2026-04-06T16:23:19.365Z"}
{"event":"tool_error","tool":"get_ticker","error":"CLI connection lost","timestamp":"2026-04-06T16:23:19.365Z"}
    ✔ should return InternalError on exchange error during non-sensitive operations

  Risk Assessment Strategy Unit Tests
    ✔ Should return BUY for standard market parameters
    ✔ Should return HOLD for high spread
[risk_assessment] Risk assessment failed in local mode (Not connected), using default HOLD strategy
    ✔ Should return HOLD and use fallback in local mode when MCP fails

  Checkpoint Utility Unit Tests
    ✔ Should generate a valid EIP-712 signed checkpoint (80ms)
    ✔ Should persist the checkpoint to logs/audit.json

  Identity Client Unit Tests
[identity] Skipping registration check: zero address registry (local/demo mode)
    ✔ Should correctly check agent registration status
[identity] Registration check failed (non-fatal): HTTP request failed.

URL: http://127.0.0.1:8545/
Request body: {"method":"eth_call","params":[{"data":"0xe21b38d2000000000000000000000000f39fd6e51aad88f6f4ce6ab8827279cfffb92266","to":"0x1234567890123456789012345678901234567890"},"latest"]}

Raw Call Arguments:
  to:    0x1234567890123456789012345678901234567890
  data:  0xe21b38d2000000000000000000000000f39fd6e51aad88f6f4ce6ab8827279cfffb92266

Contract Call:
  address:   0x1234567890123456789012345678901234567890
  function:  isRegisteredAgent(address agent)
  args:                       (0xf39Fd6e51aad88F6F4ce6aB8827279cffFb92266)

Docs: https://viem.sh/docs/contract/readContract
Details: fetch failed
Version: viem@2.47.6
    ✔ Should return false if registration check fails on a non-zero address (1113ms)


  12 passing (1s)
